============================= test session starts =============================
platform win32 -- Python 3.12.11, pytest-9.0.2, pluggy-1.6.0 -- C:\Users\28010\Desktop\openclaw-mission-control\backend\.venv\Scripts\python.exe
cachedir: .pytest_cache
rootdir: C:\Users\28010\Desktop\openclaw-mission-control\backend
configfile: pyproject.toml
plugins: anyio-4.12.1, asyncio-1.3.0, cov-7.0.0
asyncio: mode=Mode.STRICT, debug=False, asyncio_default_fixture_loop_scope=function, asyncio_default_test_loop_scope=function
collecting ... 2026-03-04 14:51:18,573 INFO app.core.logging logging.configured level=INFO format=text use_utc=False app=mission-control version=0.1.0
collected 1 item

tests/test_lifecycle_orchestrator.py::test_gateway_error_resets_updating_status_to_offline FAILED

================================== FAILURES ===================================
____________ test_gateway_error_resets_updating_status_to_offline _____________

monkeypatch = <_pytest.monkeypatch.MonkeyPatch object at 0x0000026CE4263110>

    @pytest.mark.asyncio
    async def test_gateway_error_resets_updating_status_to_offline(
        monkeypatch: pytest.MonkeyPatch,
    ) -> None:
        """GatewayError during an update must move status from 'updating' → 'offline'."""
        agent = _FakeAgent(status="online")
        gateway = _FakeGateway()
        orchestrator, session = _make_orchestrator(agent)
    
        async def _fail(*_args: Any, **_kwargs: Any) -> None:
            raise OpenClawGatewayError("connection refused")
    
        monkeypatch.setattr(
            "app.services.openclaw.lifecycle_orchestrator.OpenClawGatewayProvisioner.apply_agent_lifecycle",
            _fail,
        )
    
        with pytest.raises(HTTPException) as exc_info:
>           await orchestrator.run_lifecycle(
                gateway=gateway,  # type: ignore[arg-type]
                agent_id=agent.id,
                board=None,
                user=None,
                action="update",
                auth_token="fake-token",
                wake=False,
                deliver_wakeup=False,
                wakeup_verb=None,
                clear_confirm_token=False,
                raise_gateway_errors=True,
            )

tests\test_lifecycle_orchestrator.py:118: 
_ _ _ _ _ _ _ _ _ _ _ _ _ _ _ _ _ _ _ _ _ _ _ _ _ _ _ _ _ _ _ _ _ _ _ _ _ _ _ _
app\services\openclaw\lifecycle_orchestrator.py:75: in run_lifecycle
    template_user = await get_org_owner_user(
_ _ _ _ _ _ _ _ _ _ _ _ _ _ _ _ _ _ _ _ _ _ _ _ _ _ _ _ _ _ _ _ _ _ _ _ _ _ _ _

session = _FakeSession(committed=0, added=[], refreshed=[])

    async def get_org_owner_user(
        session: AsyncSession,
        *,
        organization_id: UUID,
    ) -> User | None:
        """Return the org owner User, if one exists."""
        owner = (
            await OrganizationMember.objects.filter_by(organization_id=organization_id)
            .filter(col(OrganizationMember.role) == "owner")
            .order_by(col(OrganizationMember.created_at).asc())
            .first(session)
        )
        if owner is None:
            return None
>       return await User.objects.by_id(owner.user_id).first(session)
                                        ^^^^^^^^^^^^^
E       AttributeError: '_FakeAgent' object has no attribute 'user_id'

app\services\organizations.py:106: AttributeError
=========================== short test summary info ===========================
FAILED tests/test_lifecycle_orchestrator.py::test_gateway_error_resets_updating_status_to_offline
============================== 1 failed in 0.65s ==============================
